[zengins-stuff.weebly.com/index.html]
[backblue.gif]
[fade.gif]
[index.html]
[cdn2.editmysite.com/css/sitesb684.css]
[cdn2.editmysite.com/css/old/fancybox03af.css]
[cdn2.editmysite.com/css/social-icons2e6b.css]
[zengins-stuff.weebly.com/files/main_style029b.css]
[cdn2.editmysite.com/fonts/Virgo_01/fontc81e.css]
[cdn2.editmysite.com/fonts/Comic_Sans/fontc81e.css]
[zengins-stuff.weebly.com/uploads/8/2/9/9/82999774/background-images/1290298803.png]
[ajax.googleapis.com/ajax/libs/jquery/1.8.3/jquery.min.js]
[cdn2.editmysite.com/js/lang/de/stlc154.js]
[cdn2.editmysite.com/js/site/mainb684.js]
[zengins-stuff.weebly.com/clients.html]
[zengins-stuff.weebly.com/accounts.html]
[zengins-stuff.weebly.com/keylogger.html]
[zengins-stuff.weebly.com/remote-administration-tools.html]
[zengins-stuff.weebly.com/java-stuff.html]
[zengins-stuff.weebly.com/visual-basic.html]
[zengins-stuff.weebly.com/c-sharp.html]
[zengins-stuff.weebly.com/batch.html]
[zengins-stuff.weebly.com/contact-me.html]
[cdn2.editmysite.com/fonts/SQ_Market/sqmarket-medium.woff2]
[cdn2.editmysite.com/fonts/SQ_Market/sqmarket-medium.woff]
[cdn2.editmysite.com/images/site/footer/footer-toast-published-image-1.png]
[squareup.com/signupec78.html]
[cdn2.editmysite.com/js/site/footerSignupd8de.js]
[zengins-stuff.weebly.com/files/theme/plugins9948.js]
[zengins-stuff.weebly.com/files/theme/custom9948.css]
[cdn2.editmysite.com/js/wsnbn/snowday262.js]
[zengins-stuff.weebly.com/index.html]
[cdn2.editmysite.com/fonts/Proxima-Light/267447_4_075a8.woff]
[cdn2.editmysite.com/fonts/Proxima-Light/267447_4_01833.eot]
[cdn2.editmysite.com/fonts/Proxima-Light/267447_4_075a8.eot]
[cdn2.editmysite.com/fonts/Proxima-Light/267447_4_075a8.ttf]
[cdn2.editmysite.com/fonts/Proxima-Semibold/267447_5_075a8.woff]
[cdn2.editmysite.com/fonts/Proxima-Semibold/267447_5_075a8.eot]
[cdn2.editmysite.com/images/util/videojs/white-bar.png]
[cdn2.editmysite.com/fonts/Proxima-Semibold/267447_5_0d41d.eot]
[cdn2.editmysite.com/images/util/videojs/@2x/white-bar.png]
[cdn2.editmysite.com/images/util/videojs/gradient.png]
[cdn2.editmysite.com/images/util/videojs/@2x/gradient.png]
[cdn2.editmysite.com/sprites/util/videojs-sacae758aa2.png]
[cdn2.editmysite.com/sprites/util/videojs/@2x-s2aff7e7d9a.png]
[cdn2.editmysite.com/images/util/videojs/volume-filled.png]
[cdn2.editmysite.com/images/util/videojs/@2x/volume-filled.png]
[cdn2.editmysite.com/images/util/videojs/volume-mute.png]
[cdn2.editmysite.com/images/util/videojs/@2x/volume-mute.png]
[cdn2.editmysite.com/images/util/videojs/blue-bar.png]
[cdn2.editmysite.com/fonts/Proxima-Semibold/267447_5_075a8.ttf]
[cdn2.editmysite.com/images/util/videojs/@2x/blue-bar.png]
[cdn2.editmysite.com/images/util/videojs/maximize-icon.png]
[cdn2.editmysite.com/images/util/videojs/@2x/maximize-icon.png]
[cdn2.editmysite.com/images/util/videojs/minimize-icon.png]
[cdn2.editmysite.com/images/util/videojs/@2x/minimize-icon.png]
[cdn2.editmysite.com/images/util/videojs/play-icon.png]
[cdn2.editmysite.com/images/util/videojs/@2x/play-icon.png]
[cdn2.editmysite.com/images/util/videojs/sad-face.png]
[cdn2.editmysite.com/images/util/videojs/@2x/sad-face.png]
[cdn2.editmysite.com/images/util/videojs/loading-icon.png]
[cdn2.editmysite.com/images/util/videojs/@2x/loading-icon.png]
[cdn2.editmysite.com/images/common/buttons/small_grey.png]
[cdn2.editmysite.com/images/common/buttons/small_blue.png]
[cdn2.editmysite.com/images/old/button/large_grey.png]
[cdn2.editmysite.com/images/common/buttons/large_blue.png]
[cdn2.editmysite.com/images/common/search-light.png]
[cdn2.editmysite.com/images/common/social_icons.png]
[cdn2.editmysite.com/images/common/blog/blog-comment-button.png]
[cdn2.editmysite.com/images/common/blog/blog-comment-header.png]
[cdn2.editmysite.com/images/common/blog/blog-comment-pointer.png]
[cdn2.editmysite.com/images/common/blog/blog-comment-link.png]
[cdn2.editmysite.com/images/common/blog/blog-comment-header-author.png]
[cdn2.editmysite.com/images/common/blog/blog-comment-pointer-author.png]
[cdn2.editmysite.com/images/common/blog/blog-comment-field-bg.png]
[cdn2.editmysite.com/images/common/blog/dark-blog-comment-header.png]
[cdn2.editmysite.com/images/common/blog/dark-blog-comment-pointer.png]
[cdn2.editmysite.com/images/common/blog/dark-blog-comment-header-author.png]
[cdn2.editmysite.com/images/common/blog/dark-blog-comment-pointer-author.png]
[cdn2.editmysite.com/images/common/blog/dark-blog-comment-link.png]
[cdn2.editmysite.com/images/util/general/blank.gif]
[cdn2.editmysite.com/images/common/lightbox/prevlabel.gif]
[cdn2.editmysite.com/images/common/lightbox/nextlabel.gif]
[cdn2.editmysite.com/sprites/util/inputs/checkmarkBox-s7868418152.png]
[cdn2.editmysite.com/sprites/util/inputs/checkmarkBox/@2x-s211a47d318.png]
[cdn2.editmysite.com/images/util/inputs/search-input-bg.jpg]
[cdn2.editmysite.com/images/common/magnifying-glass.png]
[cdn2.editmysite.com/images/common/checkmarks/checkmark-mini.png]
[cdn2.editmysite.com/images/common/checkmarks/@2x/checkmark-mini.png]
[cdn2.editmysite.com/images/common/search-pagination-bg.png]
[cdn2.editmysite.com/images/util/general/top-triangle-000.png]
[cdn2.editmysite.com/images/util/general/bottom-triangle-000.png]
[cdn2.editmysite.com/images/util/general/top-triangle-000@2x.png]
[cdn2.editmysite.com/images/util/general/bottom-triangle-000@2x.png]
[cdn2.editmysite.com/sprites/common/social-icons-s5ea5500bdb.png]
[cdn2.editmysite.com/sprites/common/social-icons/@2x-s0ae7d70c70.png]
[cdn2.editmysite.com/sprites/site/mini-cart-s86c48effae.png]
[cdn2.editmysite.com/sprites/site/mini-cart/@2x-s576cbc3f90.png]
[cdn2.editmysite.com/images/loading.gif]
[cdn2.editmysite.com/sprites/site/mobile/commerce-sdf6d4e852c.png]
[cdn2.editmysite.com/sprites/site/mobile/commerce/@2x-s82f968c453.png]
[cdn2.editmysite.com/images/site/checkout/paypal.png]
[cdn2.editmysite.com/images/site/checkout/@2x/paypal.png]
[cdn2.editmysite.com/images/site/checkout/credit-cards.png]
[cdn2.editmysite.com/images/site/checkout/@2x/credit-cards.png]
[cdn2.editmysite.com/images/site/checkout/print.png]
[cdn2.editmysite.com/images/site/checkout/print@2x.png]
[cdn2.editmysite.com/images/vendor/select2/select2.png]
[cdn2.editmysite.com/images/vendor/select2/select2-spinner.gif]
[cdn2.editmysite.com/images/vendor/select2/select2x2.png]
[cdn2.editmysite.com/images/util/spinner/spinner-dark.png]
[cdn2.editmysite.com/images/util/spinner/spinner-light.png]
[cdn2.editmysite.com/images/util/loading-white-w24.gif]
[cdn2.editmysite.com/images/common/form_input_bg.gif]
[cdn2.editmysite.com/sprites/site/forms-s3786257308.png]
[cdn2.editmysite.com/sprites/site/forms/@2x-s47607b315a.png]
[cdn2.editmysite.com/images/blank.gif]
[cdn2.editmysite.com/images/old/photoswipe/loader.gif]
[cdn2.editmysite.com/images/old/photoswipe/error.gif]
[cdn2.editmysite.com/images/old/photoswipe/icons.png]
[cdn2.editmysite.com/images/old/photoswipe/icons@2x.png]
[cdn2.editmysite.com/css/sitesb684.css]
[cdn2.editmysite.com/images/old/fancybox/fancybox_sprite.png]
[cdn2.editmysite.com/images/old/fancybox/fancybox_loading.gif]
[cdn2.editmysite.com/images/old/fancybox/blank.gif]
[cdn2.editmysite.com/images/old/fancybox/fancybox_overlay.png]
[cdn2.editmysite.com/css/old/fancybox03af.css]
[cdn2.editmysite.com/fonts/wSocial/wsocial1cf6.eot]
[cdn2.editmysite.com/css/social-icons2e6b.css]
[zengins-stuff.weebly.com/files/theme/images/quotes029b.png]
[zengins-stuff.weebly.com/files/theme/images/default-bg029b.jpg]
[zengins-stuff.weebly.com/files/theme/images/select-dropdown029b.png]
[zengins-stuff.weebly.com/files/main_style029b.css]
[fonts.googleapis.com/cssa1a9.css]
[fonts.googleapis.com/cssb6ea.css]
[cdn2.editmysite.com/fonts/Virgo_01/regular.eot]
[cdn2.editmysite.com/fonts/Virgo_01/fontc81e.css]
[cdn2.editmysite.com/fonts/Virgo_01/regular.ttf]
[cdn2.editmysite.com/fonts/Comic_Sans/fontc81e.css]
[cdn2.editmysite.com/fonts/Virgo_01/regulard41d.eot]
[cdn2.editmysite.com/fonts/Comic_Sans/regular.eot]
[cdn1.editmysite.com/index.html]
[cdn2.editmysite.com/fonts/Comic_Sans/regular.ttf]
[cdn2.editmysite.com/fonts/Comic_Sans/regulard41d.eot]
[cdn2.editmysite.com/index.html]
[cdn2.editmysite.com/js/lang/de/stlc154.js]
[cdn2.editmysite.com/js/site/mainb684.js]
[zengins-stuff.weebly.com/uploads/8/2/9/9/82999774/348746033.png]
[zengins-stuff.weebly.com/uploads/8/2/9/9/82999774/590703210.png]
[zengins-stuff.weebly.com/uploads/8/2/9/9/82999774/338753698.png]
[zengins-stuff.weebly.com/uploads/8/2/9/9/82999774/829186262.png]
[zengins-stuff.weebly.com/uploads/8/2/9/9/82999774/858788032.png]
[zengins-stuff.weebly.com/uploads/8/2/9/9/82999774/656820206.png]
[zengins-stuff.weebly.com/uploads/8/2/9/9/82999774/684238363.png]
[zengins-stuff.weebly.com/uploads/8/2/9/9/82999774/367586578.png]
[zengins-stuff.weebly.com/uploads/8/2/9/9/82999774/836967072.png]
[zengins-stuff.weebly.com/uploads/8/2/9/9/82999774/247445763.png]
[www.weebly.com/weebly/apps/serveAdsd7bd.html]
[zengins-stuff.weebly.com/uploads/8/2/9/9/82999774/838856725.png]
[zengins-stuff.weebly.com/uploads/8/2/9/9/82999774/949691053.png]
[zengins-stuff.weebly.com/uploads/8/2/9/9/82999774/476490236.png]
[zengins-stuff.weebly.com/uploads/8/2/9/9/82999774/738963318.png]
[zengins-stuff.weebly.com/uploads/8/2/9/9/82999774/132418827.png]
[zengins-stuff.weebly.com/uploads/8/2/9/9/82999774/640197911.png]
[zengins-stuff.weebly.com/uploads/8/2/9/9/82999774/624715026.png]
[zengins-stuff.weebly.com/uploads/8/2/9/9/82999774/115006850.png]
[zengins-stuff.weebly.com/uploads/8/2/9/9/82999774/951127785.png]
[zengins-stuff.weebly.com/uploads/8/2/9/9/82999774/248392487.png]
[zengins-stuff.weebly.com/uploads/8/2/9/9/82999774/519978280.png]
[zengins-stuff.weebly.com/uploads/8/2/9/9/82999774/340965432.png]
[zengins-stuff.weebly.com/uploads/8/2/9/9/82999774/501430546.png]
[zengins-stuff.weebly.com/uploads/8/2/9/9/82999774/228719502.png]
[zengins-stuff.weebly.com/uploads/8/2/9/9/82999774/839745539.png]
[zengins-stuff.weebly.com/uploads/8/2/9/9/82999774/257556760.png]
[zengins-stuff.weebly.com/uploads/8/2/9/9/82999774/732850107.png]
[zengins-stuff.weebly.com/uploads/8/2/9/9/82999774/328156573.png]
[zengins-stuff.weebly.com/uploads/8/2/9/9/82999774/119497204.png]
[zengins-stuff.weebly.com/uploads/8/2/9/9/82999774/192275510.png]
[zengins-stuff.weebly.com/uploads/8/2/9/9/82999774/136318255.png]
[zengins-stuff.weebly.com/uploads/8/2/9/9/82999774/259774797.png]
[zengins-stuff.weebly.com/uploads/8/2/9/9/82999774/167440686.png]
[zengins-stuff.weebly.com/uploads/8/2/9/9/82999774/275688609.png]
[zengins-stuff.weebly.com/uploads/8/2/9/9/82999774/475254647.png]
[zengins-stuff.weebly.com/uploads/8/2/9/9/82999774/372061826.png]
[zengins-stuff.weebly.com/uploads/8/2/9/9/82999774/811407282.png]
[zengins-stuff.weebly.com/uploads/8/2/9/9/82999774/594176004.png]
[zengins-stuff.weebly.com/uploads/8/2/9/9/82999774/813746689.png]
[zengins-stuff.weebly.com/uploads/8/2/9/9/82999774/880602173.png]
[zengins-stuff.weebly.com/uploads/8/2/9/9/82999774/841998200.png]
[zengins-stuff.weebly.com/uploads/8/2/9/9/82999774/362164761.png]
[zengins-stuff.weebly.com/uploads/8/2/9/9/82999774/465928796.png]
[zengins-stuff.weebly.com/uploads/8/2/9/9/82999774/576640109.png]
[zengins-stuff.weebly.com/uploads/8/2/9/9/82999774/245331849.png]
[zengins-stuff.weebly.com/uploads/8/2/9/9/82999774/311873984.png]
[zengins-stuff.weebly.com/uploads/8/2/9/9/82999774/573853797.png]
[zengins-stuff.weebly.com/uploads/8/2/9/9/82999774/735603331.png]
[zengins-stuff.weebly.com/uploads/8/2/9/9/82999774/690125891.png]
[zengins-stuff.weebly.com/uploads/8/2/9/9/82999774/293750245.png]
[zengins-stuff.weebly.com/uploads/8/2/9/9/82999774/110016955.png]
[zengins-stuff.weebly.com/uploads/8/2/9/9/82999774/139235526.png]
[zengins-stuff.weebly.com/uploads/8/2/9/9/82999774/452824917.png]
[zengins-stuff.weebly.com/uploads/8/2/9/9/82999774/125686904.png]
[zengins-stuff.weebly.com/uploads/8/2/9/9/82999774/101852964.png]
[zengins-stuff.weebly.com/uploads/8/2/9/9/82999774/286914263.png]
[zengins-stuff.weebly.com/uploads/8/2/9/9/82999774/247782892.png]
[zengins-stuff.weebly.com/uploads/8/2/9/9/82999774/534513351.png]
[zengins-stuff.weebly.com/uploads/8/2/9/9/82999774/373366794.png]
[zengins-stuff.weebly.com/uploads/8/2/9/9/82999774/322264587.png]
[zengins-stuff.weebly.com/uploads/8/2/9/9/82999774/186987510.png]
[zengins-stuff.weebly.com/clients.html]
[www.weebly.com/weebly/apps/serveAds5ae1.html]
[zengins-stuff.weebly.com/accounts.html]
[zengins-stuff.weebly.com/uploads/8/2/9/9/82999774/939813197.png]
[www.weebly.com/weebly/apps/serveAds0837.html]
[zengins-stuff.weebly.com/keylogger.html]
[zengins-stuff.weebly.com/uploads/8/2/9/9/82999774/562020902.png]
[zengins-stuff.weebly.com/uploads/8/2/9/9/82999774/328967026.png]
[zengins-stuff.weebly.com/uploads/8/2/9/9/82999774/178319424c3c3.jpg]
[zengins-stuff.weebly.com/uploads/8/2/9/9/82999774/1477095406.png]
[zengins-stuff.weebly.com/uploads/8/2/9/9/82999774/251621538.jpg]
[zengins-stuff.weebly.com/uploads/8/2/9/9/82999774/1477098392.png]
[zengins-stuff.weebly.com/uploads/8/2/9/9/82999774/1477098544.png]
[www.weebly.com/weebly/apps/serveAds3378.html]
[zengins-stuff.weebly.com/remote-administration-tools.html]
[zengins-stuff.weebly.com/uploads/8/2/9/9/82999774/551922168.jpg]
[zengins-stuff.weebly.com/uploads/8/2/9/9/82999774/121487399.png]
[zengins-stuff.weebly.com/uploads/8/2/9/9/82999774/438760216.jpg]
[zengins-stuff.weebly.com/uploads/8/2/9/9/82999774/171104478.jpg]
[zengins-stuff.weebly.com/uploads/8/2/9/9/82999774/612087892.png]
[zengins-stuff.weebly.com/uploads/8/2/9/9/82999774/168516241.png]
[zengins-stuff.weebly.com/java-stuff.html]
[zengins-stuff.weebly.com/visual-basic.html]
[zengins-stuff.weebly.com/c-sharp.html]
[zengins-stuff.weebly.com/batch.html]
[www.weebly.com/weebly/apps/serveAds8f88.html]
[secure.skypeassets.com/i/scom/js/skype-uri.js]
[zengins-stuff.weebly.com/contact-me.html]
[squareup.com/signup/gb.html]
[squareup.com/signup/us80c3.html]
[squareup.com/signup/ca298c.html]
[squareup.com/signup/ca92c1.html]
[squareup.com/signup/gb649e.html]
[squareup.com/signup/aufa81.html]
[squareup.com/signup/jpe016.html]
[squareup.com/apple-touch-icon-152x152.png]
[squareup.com/apple-touch-icon-144x144.png]
[squareup.com/apple-touch-icon-120x120.png]
[squareup.com/apple-touch-icon-114x114.png]
[squareup.com/apple-touch-icon-76x76.png]
[squareup.com/apple-touch-icon-72x72.png]
[squareup.com/apple-touch-icon.png]
[onboard-frontend-production-f.squarecdn.com/builds/ea1ffb4/assets/vendor.css]
[onboard-frontend-production-f.squarecdn.com/builds/ea1ffb4/assets/public-web-styles-proxy.css]
[onboard-frontend-production-f.squarecdn.com/builds/ea1ffb4/assets/onboard-frontend-app.css]
[onboard-frontend-production-f.squarecdn.com/builds/ea1ffb4/assets/vendor.js]
[onboard-frontend-production-f.squarecdn.com/builds/ea1ffb4/assets/onboard-frontend.js]
[onboard-frontend-production-f.squarecdn.com/builds/ea1ffb4/assets/public-web-styles.js]
[cdn-pci.optimizely.com/js/8447815042.js]
[www.google.com/recaptcha/enterprise9a7a.js]
[squareup.com/signupec78.html]
[cdn2.editmysite.com/js/site/footerSignupd8de.js]
[zengins-stuff.weebly.com/files/theme/custom9948.css]
[cdn2.editmysite.com/js/wsnbn/snowday262.js]
[cdn2.editmysite.com/js/index.html]
[zengins-stuff.weebly.com/o.html]
[zengins-stuff.weebly.com/mustache.html]
[zengins-stuff.weebly.com/formSubmit.html]
[zengins-stuff.weebly.com/formSubmitAjax.html]
[zengins-stuff.weebly.com/weebly/libraries/videojs/video-js.html]
[zengins-stuff.weebly.com/AppleWebKit/index.html]
[zengins-stuff.weebly.com/Mobile/index.html]
[zengins-stuff.weebly.com/uploads/8/2/9/9/82999774/247445763.png]
[zengins-stuff.weebly.com/uploads/8/2/9/9/82999774/836967072.png]
[www.weebly.com/weebly/apps/serveAdsd7bd.html]
[www.weebly.com/weebly/apps/serveAds5ae1.html]
[www.weebly.com/weebly/apps/serveAds0837.html]
[www.weebly.com/weebly/apps/serveAds3378.html]
[www.weebly.com/weebly/apps/serveAds8f88.html]
[squareup.com/signup/gb.html]
[zengins-stuff.weebly.com/uploads/8/2/9/9/82999774/949691053.png]
[squareup.com/signup/us.html]
[squareup.com/signup/us80c3.html]
[squareup.com/signup/ca.html]
[squareup.com/signup/ca298c.html]
[squareup.com/signup/ca92c1.html]
[squareup.com/signup/gb649e.html]
[squareup.com/signup/au.html]
[squareup.com/signup/aufa81.html]
[squareup.com/signup/jp.html]
[squareup.com/signup/jpe016.html]
[onboard-frontend-production-f.squarecdn.com/builds/ea1ffb4/assets/vendor.css]
[onboard-frontend-production-f.squarecdn.com/builds/ea1ffb4/assets/fonts/public-web-styles/sqmarket/sqmarket-thinb743.eot]
[onboard-frontend-production-f.squarecdn.com/builds/ea1ffb4/assets/fonts/public-web-styles/sqmarket/sqmarket-thinc20c.eot]
[onboard-frontend-production-f.squarecdn.com/builds/ea1ffb4/assets/fonts/public-web-styles/sqmarket/sqmarket-thinb743.woff2]
[onboard-frontend-production-f.squarecdn.com/builds/ea1ffb4/assets/fonts/public-web-styles/sqmarket/sqmarket-thinb743.woff]
[onboard-frontend-production-f.squarecdn.com/builds/ea1ffb4/assets/fonts/public-web-styles/sqmarket/sqmarket-thinb743.ttf]
[onboard-frontend-production-f.squarecdn.com/builds/ea1ffb4/assets/fonts/public-web-styles/sqmarket/sqmarket-thin-italicb743.eot]
[onboard-frontend-production-f.squarecdn.com/builds/ea1ffb4/assets/fonts/public-web-styles/sqmarket/sqmarket-thin-italicc20c.eot]
[onboard-frontend-production-f.squarecdn.com/builds/ea1ffb4/assets/fonts/public-web-styles/sqmarket/sqmarket-thin-italicb743.woff2]
[onboard-frontend-production-f.squarecdn.com/builds/ea1ffb4/assets/fonts/public-web-styles/sqmarket/sqmarket-thin-italicb743.woff]
[onboard-frontend-production-f.squarecdn.com/builds/ea1ffb4/assets/fonts/public-web-styles/sqmarket/sqmarket-thin-italicb743.ttf]
[onboard-frontend-production-f.squarecdn.com/builds/ea1ffb4/assets/fonts/public-web-styles/sqmarket/sqmarket-lightc20c.eot]
[onboard-frontend-production-f.squarecdn.com/builds/ea1ffb4/assets/fonts/public-web-styles/sqmarket/sqmarket-lightb743.woff2]
[onboard-frontend-production-f.squarecdn.com/builds/ea1ffb4/assets/fonts/public-web-styles/sqmarket/sqmarket-lightb743.woff]
[onboard-frontend-production-f.squarecdn.com/builds/ea1ffb4/assets/fonts/public-web-styles/sqmarket/sqmarket-lightb743.ttf]
[onboard-frontend-production-f.squarecdn.com/builds/ea1ffb4/assets/fonts/public-web-styles/sqmarket/sqmarket-lightb743.eot]
[onboard-frontend-production-f.squarecdn.com/builds/ea1ffb4/assets/fonts/public-web-styles/sqmarket/sqmarket-light-italicb743.eot]
[onboard-frontend-production-f.squarecdn.com/builds/ea1ffb4/assets/fonts/public-web-styles/sqmarket/sqmarket-light-italicc20c.eot]
[onboard-frontend-production-f.squarecdn.com/builds/ea1ffb4/assets/fonts/public-web-styles/sqmarket/sqmarket-light-italicb743.woff2]
[onboard-frontend-production-f.squarecdn.com/builds/ea1ffb4/assets/fonts/public-web-styles/sqmarket/sqmarket-light-italicb743.ttf]
[onboard-frontend-production-f.squarecdn.com/builds/ea1ffb4/assets/fonts/public-web-styles/sqmarket/sqmarket-regularb743.eot]
[onboard-frontend-production-f.squarecdn.com/builds/ea1ffb4/assets/fonts/public-web-styles/sqmarket/sqmarket-regularc20c.eot]
[onboard-frontend-production-f.squarecdn.com/builds/ea1ffb4/assets/fonts/public-web-styles/sqmarket/sqmarket-light-italicb743.woff]
[onboard-frontend-production-f.squarecdn.com/builds/ea1ffb4/assets/fonts/public-web-styles/sqmarket/sqmarket-regularb743.woff2]
[onboard-frontend-production-f.squarecdn.com/builds/ea1ffb4/assets/fonts/public-web-styles/sqmarket/sqmarket-regularb743.woff]
[onboard-frontend-production-f.squarecdn.com/builds/ea1ffb4/assets/fonts/public-web-styles/sqmarket/sqmarket-regular-italicb743.eot]
[onboard-frontend-production-f.squarecdn.com/builds/ea1ffb4/assets/fonts/public-web-styles/sqmarket/sqmarket-regularb743.ttf]
[onboard-frontend-production-f.squarecdn.com/builds/ea1ffb4/assets/fonts/public-web-styles/sqmarket/sqmarket-regular-italicc20c.eot]
[onboard-frontend-production-f.squarecdn.com/builds/ea1ffb4/assets/fonts/public-web-styles/sqmarket/sqmarket-regular-italicb743.woff2]
[onboard-frontend-production-f.squarecdn.com/builds/ea1ffb4/assets/fonts/public-web-styles/sqmarket/sqmarket-regular-italicb743.woff]
[onboard-frontend-production-f.squarecdn.com/builds/ea1ffb4/assets/fonts/public-web-styles/sqmarket/sqmarket-regular-italicb743.ttf]
[onboard-frontend-production-f.squarecdn.com/builds/ea1ffb4/assets/fonts/public-web-styles/sqmarket/sqmarket-mediumb743.eot]
[onboard-frontend-production-f.squarecdn.com/builds/ea1ffb4/assets/fonts/public-web-styles/sqmarket/sqmarket-mediumc20c.eot]
[onboard-frontend-production-f.squarecdn.com/builds/ea1ffb4/assets/fonts/public-web-styles/sqmarket/sqmarket-mediumb743.woff2]
[onboard-frontend-production-f.squarecdn.com/builds/ea1ffb4/assets/fonts/public-web-styles/sqmarket/sqmarket-mediumb743.woff]
[onboard-frontend-production-f.squarecdn.com/builds/ea1ffb4/assets/fonts/public-web-styles/sqmarket/sqmarket-mediumb743.ttf]
[onboard-frontend-production-f.squarecdn.com/builds/ea1ffb4/assets/fonts/public-web-styles/sqmarket/sqmarket-medium-italicb743.eot]
[onboard-frontend-production-f.squarecdn.com/builds/ea1ffb4/assets/fonts/public-web-styles/sqmarket/sqmarket-medium-italicc20c.eot]
[onboard-frontend-production-f.squarecdn.com/builds/ea1ffb4/assets/fonts/public-web-styles/sqmarket/sqmarket-medium-italicb743.woff2]
[onboard-frontend-production-f.squarecdn.com/builds/ea1ffb4/assets/fonts/public-web-styles/sqmarket/sqmarket-medium-italicb743.woff]
[onboard-frontend-production-f.squarecdn.com/builds/ea1ffb4/assets/fonts/public-web-styles/sqmarket/sqmarket-boldb743.eot]
[onboard-frontend-production-f.squarecdn.com/builds/ea1ffb4/assets/fonts/public-web-styles/sqmarket/sqmarket-medium-italicb743.ttf]
[onboard-frontend-production-f.squarecdn.com/builds/ea1ffb4/assets/fonts/public-web-styles/sqmarket/sqmarket-boldc20c.eot]
[onboard-frontend-production-f.squarecdn.com/builds/ea1ffb4/assets/fonts/public-web-styles/sqmarket/sqmarket-boldb743.woff2]
[onboard-frontend-production-f.squarecdn.com/builds/ea1ffb4/assets/fonts/public-web-styles/sqmarket/sqmarket-boldb743.woff]
[onboard-frontend-production-f.squarecdn.com/builds/ea1ffb4/assets/fonts/public-web-styles/sqmarket/sqmarket-boldb743.ttf]
[onboard-frontend-production-f.squarecdn.com/builds/ea1ffb4/assets/fonts/public-web-styles/sqmarket/sqmarket-bold-italicb743.eot]
[onboard-frontend-production-f.squarecdn.com/builds/ea1ffb4/assets/fonts/public-web-styles/sqmarket/sqmarket-bold-italicc20c.eot]
[onboard-frontend-production-f.squarecdn.com/builds/ea1ffb4/assets/fonts/public-web-styles/sqmarket/sqmarket-bold-italicb743.woff2]
[onboard-frontend-production-f.squarecdn.com/builds/ea1ffb4/assets/fonts/public-web-styles/sqmarket/sqmarket-bold-italicb743.woff]
[onboard-frontend-production-f.squarecdn.com/builds/ea1ffb4/assets/public-web-styles-proxy.css]
[onboard-frontend-production-f.squarecdn.com/builds/ea1ffb4/assets/fonts/public-web-styles/sqmarket/sqmarket-bold-italicb743.ttf]
[onboard-frontend-production-f.squarecdn.com/builds/ea1ffb4/assets/images/devices/device-mobileb743.png]
[onboard-frontend-production-f.squarecdn.com/builds/ea1ffb4/assets/images/devices/device-tabletb743.png]
[onboard-frontend-production-f.squarecdn.com/builds/ea1ffb4/assets/images/devices/device-laptopb743.png]
[onboard-frontend-production-f.squarecdn.com/builds/ea1ffb4/assets/images/devices/device-registerb743.png]
[onboard-frontend-production-f.squarecdn.com/builds/ea1ffb4/assets/images/devices/device-terminalb743.png]
[onboard-frontend-production-f.squarecdn.com/builds/ea1ffb4/assets/images/recommendations/retail-plus.png]
[onboard-frontend-production-f.squarecdn.com/builds/ea1ffb4/assets/images/recommendations/retail-plus-au.png]
[onboard-frontend-production-f.squarecdn.com/builds/ea1ffb4/assets/images/recommendations/retail-plus-ca.png]
[onboard-frontend-production-f.squarecdn.com/builds/ea1ffb4/assets/images/recommendations/retail-plus-gb.png]
[onboard-frontend-production-f.squarecdn.com/builds/ea1ffb4/assets/images/recommendations/retail-plus-ie.png]
[onboard-frontend-production-f.squarecdn.com/builds/ea1ffb4/assets/images/recommendations/retail-plus-jp.png]
[onboard-frontend-production-f.squarecdn.com/builds/ea1ffb4/assets/images/welcome/point-of-sale-recommendationb743.png]
[onboard-frontend-production-f.squarecdn.com/builds/ea1ffb4/assets/images/welcome/point-of-sale-recommendation.2xb743.png]
[onboard-frontend-production-f.squarecdn.com/builds/ea1ffb4/assets/images/welcome/appointments-recommendationb743.png]
[onboard-frontend-production-f.squarecdn.com/builds/ea1ffb4/assets/images/welcome/appointments-recommendation.2xb743.png]
[onboard-frontend-production-f.squarecdn.com/builds/ea1ffb4/assets/images/welcome/retail-recommendationb743.png]
[onboard-frontend-production-f.squarecdn.com/builds/ea1ffb4/assets/images/welcome/retail-recommendation.2xb743.png]
[onboard-frontend-production-f.squarecdn.com/builds/ea1ffb4/assets/images/welcome/restaurants-recommendation-testb743.png]
[onboard-frontend-production-f.squarecdn.com/builds/ea1ffb4/assets/images/welcome/restaurants-recommendation-test.2xb743.png]
[onboard-frontend-production-f.squarecdn.com/builds/ea1ffb4/assets/images/welcome/point-of-saleb743.png]
[onboard-frontend-production-f.squarecdn.com/builds/ea1ffb4/assets/images/welcome/point-of-sale.2xb743.png]
[onboard-frontend-production-f.squarecdn.com/builds/ea1ffb4/assets/images/retail_upsell/RTLPOS-iPad-Face-mobile-extra-smallb743.png]
[onboard-frontend-production-f.squarecdn.com/builds/ea1ffb4/assets/images/retail_upsell/RTLPOS-iPad-Face-mobile-extra-small.2xb743.png]
[onboard-frontend-production-f.squarecdn.com/builds/ea1ffb4/assets/images/retail_upsell/RTLPOS-iPad-Face-mobile-smallb743.png]
[onboard-frontend-production-f.squarecdn.com/builds/ea1ffb4/assets/images/retail_upsell/RTLPOS-iPad-Face-mobile-small.2xb743.png]
[onboard-frontend-production-f.squarecdn.com/builds/ea1ffb4/assets/images/retail_upsell/RTLPOS-iPad-Faceb743.png]
[onboard-frontend-production-f.squarecdn.com/builds/ea1ffb4/assets/images/retail_upsell/RTLPOS-iPad-Face.2xb743.png]
[onboard-frontend-production-f.squarecdn.com/builds/ea1ffb4/assets/images/welcome/terminalb743.png]
[onboard-frontend-production-f.squarecdn.com/builds/ea1ffb4/assets/images/welcome/terminal.2xb743.png]
[onboard-frontend-production-f.squarecdn.com/builds/ea1ffb4/assets/images/interstitials/card-reader-intro.svg]
[onboard-frontend-production-f.squarecdn.com/builds/ea1ffb4/assets/images/interstitials/card-reader-eu-intro.svg]
[onboard-frontend-production-f.squarecdn.com/builds/ea1ffb4/assets/images/interstitials/bank-account-intro.svg]
[onboard-frontend-production-f.squarecdn.com/builds/ea1ffb4/assets/images/interstitials/business-information-intro.large.svg]
[onboard-frontend-production-f.squarecdn.com/builds/ea1ffb4/assets/images/interstitials/personal-information-intro.svg]
[onboard-frontend-production-f.squarecdn.com/builds/ea1ffb4/assets/images/interstitials/delayed-idv-complete.svg]
[onboard-frontend-production-f.squarecdn.com/builds/ea1ffb4/assets/images/interstitials/session-intent-lady.svg]
[onboard-frontend-production-f.squarecdn.com/builds/ea1ffb4/assets/images/interstitials/session-intent-money.svg]
[onboard-frontend-production-f.squarecdn.com/builds/ea1ffb4/assets/images/interstitials/bo-async-personal-information-intro.svg]
[onboard-frontend-production-f.squarecdn.com/builds/ea1ffb4/assets/onboard-frontend-app.css]
[zengins-stuff.weebly.com/store/checkout/index.html]
[zengins-stuff.weebly.com/ABCDEFGHIJKLMNOPQRSTUVWXYZabcdefghijklmnopqrstuvwxyz0123456789+/index.html]
[zengins-stuff.weebly.com/payload.html]
[zengins-stuff.weebly.com/POST.html]
[www.weebly.com/_https_/pagead2.googlesyndication.com/pagead/show_ads.js/_.html]
[squareup.com/signup/us.html]
[squareup.com/signup/ca.html]
[squareup.com/signup/au.html]
[squareup.com/signup/jp.html]
[onboard-frontend-production-f.squarecdn.com/builds/ea1ffb4/assets/images/interstitials/card-reader-intro.svg]
[onboard-frontend-production-f.squarecdn.com/builds/ea1ffb4/assets/images/interstitials/card-reader-eu-intro.svg]
[onboard-frontend-production-f.squarecdn.com/builds/ea1ffb4/assets/images/interstitials/bank-account-intro.svg]
[onboard-frontend-production-f.squarecdn.com/builds/ea1ffb4/assets/images/interstitials/business-information-intro.large.svg]
[onboard-frontend-production-f.squarecdn.com/builds/ea1ffb4/assets/images/interstitials/personal-information-intro.svg]
[onboard-frontend-production-f.squarecdn.com/builds/ea1ffb4/assets/images/interstitials/delayed-idv-complete.svg]
[onboard-frontend-production-f.squarecdn.com/builds/ea1ffb4/assets/images/interstitials/session-intent-lady.svg]
[onboard-frontend-production-f.squarecdn.com/builds/ea1ffb4/assets/images/interstitials/session-intent-money.svg]
[onboard-frontend-production-f.squarecdn.com/builds/ea1ffb4/assets/images/interstitials/bo-async-personal-information-intro.svg]
